Caused by: io.debezium.DebeziumException: Encountered change event for table testdb.foo_bar whose schema isn't known to this connector
[2025-02-23 16:11:11,910] INFO Kafka Connect worker initializing ... (org.apache.kafka.connect.cli.AbstractConnectCli:114)
[2025-02-23 16:11:11,913] INFO WorkerInfo values:
[2025-02-23 16:11:11,914] INFO Scanning for plugin classes. This might take a moment ... (org.apache.kafka.connect.cli.AbstractConnectCli:120)
[2025-02-23 16:11:11,931] INFO Loading plugin from: /home/username/Downloads/kafka_2.13-3.9.0/plugins/debezium-connector-mysql (org.apache.kafka.connect.runtime.isolation.PluginScanner:76)
[2025-02-23 16:11:11,990] INFO Using up-to-date JsonConverter implementation (io.debezium.converters.CloudEventsConverter:120)
[2025-02-23 16:11:12,131] INFO Registered loader: PluginClassLoader{pluginLocation=file:/home/username/Downloads/kafka_2.13-3.9.0/plugins/debezium-connector-mysql/} (org.apache.kafka.connect.runtime.isolation.PluginScanner:81)
[2025-02-23 16:11:12,137] INFO Loading plugin from: classpath (org.apache.kafka.connect.runtime.isolation.PluginScanner:76)
[2025-02-23 16:11:12,146] INFO Registered loader: jdk.internal.loader.ClassLoaders$AppClassLoader@1dbd16a6 (org.apache.kafka.connect.runtime.isolation.PluginScanner:81)
[2025-02-23 16:11:12,146] INFO Scanning plugins with ServiceLoaderScanner took 216 ms (org.apache.kafka.connect.runtime.isolation.PluginScanner:71)
[2025-02-23 16:11:12,148] INFO Loading plugin from: /home/username/Downloads/kafka_2.13-3.9.0/plugins/debezium-connector-mysql (org.apache.kafka.connect.runtime.isolation.PluginScanner:76)
[2025-02-23 16:11:12,508] INFO Registered loader: PluginClassLoader{pluginLocation=file:/home/username/Downloads/kafka_2.13-3.9.0/plugins/debezium-connector-mysql/} (org.apache.kafka.connect.runtime.isolation.PluginScanner:81)
[2025-02-23 16:11:12,509] INFO Loading plugin from: classpath (org.apache.kafka.connect.runtime.isolation.PluginScanner:76)
[2025-02-23 16:11:13,314] INFO Registered loader: jdk.internal.loader.ClassLoaders$AppClassLoader@1dbd16a6 (org.apache.kafka.connect.runtime.isolation.PluginScanner:81)
[2025-02-23 16:11:13,315] INFO Scanning plugins with ReflectionScanner took 1166 ms (org.apache.kafka.connect.runtime.isolation.PluginScanner:71)
[2025-02-23 16:11:13,316] WARN All plugins have ServiceLoader manifests, consider reconfiguring plugin.discovery=service_load (org.apache.kafka.connect.runtime.isolation.Plugins:106)
[2025-02-23 16:11:13,317] INFO Added plugin 'org.apache.kafka.connect.transforms.ReplaceField$Key' (org.apache.kafka.connect.runtime.isolation.DelegatingClassLoader:105)
[2025-02-23 16:11:13,317] INFO Added plugin 'org.apache.kafka.connect.transforms.Filter' (org.apache.kafka.connect.runtime.isolation.DelegatingClassLoader:105)
[2025-02-23 16:11:13,317] INFO Added plugin 'org.apache.kafka.connect.mirror.MirrorSourceConnector' (org.apache.kafka.connect.runtime.isolation.DelegatingClassLoader:105)
[2025-02-23 16:11:13,317] INFO Added plugin 'org.apache.kafka.connect.transforms.InsertField$Value' (org.apache.kafka.connect.runtime.isolation.DelegatingClassLoader:105)
[2025-02-23 16:11:13,317] INFO Added plugin 'org.apache.kafka.connect.converters.DoubleConverter' (org.apache.kafka.connect.runtime.isolation.DelegatingClassLoader:105)
[2025-02-23 16:11:13,317] INFO Added plugin 'org.apache.kafka.connect.connector.policy.AllConnectorClientConfigOverridePolicy' (org.apache.kafka.connect.runtime.isolation.DelegatingClassLoader:105)
[2025-02-23 16:11:13,317] INFO Added plugin 'org.apache.kafka.connect.connector.policy.PrincipalConnectorClientConfigOverridePolicy' (org.apache.kafka.connect.runtime.isolation.DelegatingClassLoader:105)
[2025-02-23 16:11:13,317] INFO Added plugin 'org.apache.kafka.connect.transforms.DropHeaders' (org.apache.kafka.connect.runtime.isolation.DelegatingClassLoader:105)
[2025-02-23 16:11:13,317] INFO Added plugin 'org.apache.kafka.connect.transforms.Cast$Key' (org.apache.kafka.connect.runtime.isolation.DelegatingClassLoader:105)
[2025-02-23 16:11:13,317] INFO Added plugin 'org.apache.kafka.connect.storage.SimpleHeaderConverter' (org.apache.kafka.connect.runtime.isolation.DelegatingClassLoader:105)
[2025-02-23 16:11:13,318] INFO Added plugin 'org.apache.kafka.connect.transforms.InsertHeader' (org.apache.kafka.connect.runtime.isolation.DelegatingClassLoader:105)
[2025-02-23 16:11:13,318] INFO Added plugin 'io.debezium.converters.BinaryDataConverter' (org.apache.kafka.connect.runtime.isolation.DelegatingClassLoader:105)
[2025-02-23 16:11:13,318] INFO Added plugin 'org.apache.kafka.common.config.provider.DirectoryConfigProvider' (org.apache.kafka.connect.runtime.isolation.DelegatingClassLoader:105)
[2025-02-23 16:11:13,318] INFO Added plugin 'org.apache.kafka.connect.transforms.Flatten$Key' (org.apache.kafka.connect.runtime.isolation.DelegatingClassLoader:105)
[2025-02-23 16:11:13,318] INFO Added plugin 'org.apache.kafka.connect.mirror.MirrorCheckpointConnector' (org.apache.kafka.connect.runtime.isolation.DelegatingClassLoader:105)
[2025-02-23 16:11:13,318] INFO Added plugin 'org.apache.kafka.connect.transforms.HeaderFrom$Value' (org.apache.kafka.connect.runtime.isolation.DelegatingClassLoader:105)
[2025-02-23 16:11:13,318] INFO Added plugin 'org.apache.kafka.connect.transforms.SetSchemaMetadata$Key' (org.apache.kafka.connect.runtime.isolation.DelegatingClassLoader:105)
[2025-02-23 16:11:13,318] INFO Added plugin 'io.debezium.transforms.ExtractNewRecordState' (org.apache.kafka.connect.runtime.isolation.DelegatingClassLoader:105)
[2025-02-23 16:11:13,318] INFO Added plugin 'io.debezium.converters.ByteArrayConverter' (org.apache.kafka.connect.runtime.isolation.DelegatingClassLoader:105)
[2025-02-23 16:11:13,319] INFO Added plugin 'io.debezium.transforms.partitions.PartitionRouting' (org.apache.kafka.connect.runtime.isolation.DelegatingClassLoader:105)
[2025-02-23 16:11:13,319] INFO Added plugin 'org.apache.kafka.connect.transforms.predicates.TopicNameMatches' (org.apache.kafka.connect.runtime.isolation.DelegatingClassLoader:105)
[2025-02-23 16:11:13,319] INFO Added plugin 'org.apache.kafka.connect.transforms.ReplaceField$Value' (org.apache.kafka.connect.runtime.isolation.DelegatingClassLoader:105)
[2025-02-23 16:11:13,319] INFO Added plugin 'io.debezium.transforms.outbox.EventRouter' (org.apache.kafka.connect.runtime.isolation.DelegatingClassLoader:105)
[2025-02-23 16:11:13,319] INFO Added plugin 'org.apache.kafka.connect.transforms.SetSchemaMetadata$Value' (org.apache.kafka.connect.runtime.isolation.DelegatingClassLoader:105)
[2025-02-23 16:11:13,319] INFO Added plugin 'org.apache.kafka.connect.converters.IntegerConverter' (org.apache.kafka.connect.runtime.isolation.DelegatingClassLoader:105)
[2025-02-23 16:11:13,319] INFO Added plugin 'org.apache.kafka.connect.transforms.predicates.RecordIsTombstone' (org.apache.kafka.connect.runtime.isolation.DelegatingClassLoader:105)
[2025-02-23 16:11:13,319] INFO Added plugin 'org.apache.kafka.connect.connector.policy.NoneConnectorClientConfigOverridePolicy' (org.apache.kafka.connect.runtime.isolation.DelegatingClassLoader:105)
[2025-02-23 16:11:13,319] INFO Added plugin 'io.debezium.connector.mysql.MySqlConnector' (org.apache.kafka.connect.runtime.isolation.DelegatingClassLoader:105)
[2025-02-23 16:11:13,319] INFO Added plugin 'org.apache.kafka.connect.converters.ByteArrayConverter' (org.apache.kafka.connect.runtime.isolation.DelegatingClassLoader:105)
[2025-02-23 16:11:13,320] INFO Added plugin 'org.apache.kafka.connect.transforms.Cast$Value' (org.apache.kafka.connect.runtime.isolation.DelegatingClassLoader:105)
[2025-02-23 16:11:13,320] INFO Added plugin 'org.apache.kafka.connect.transforms.Flatten$Value' (org.apache.kafka.connect.runtime.isolation.DelegatingClassLoader:105)
[2025-02-23 16:11:13,320] INFO Added plugin 'org.apache.kafka.connect.rest.basic.auth.extension.BasicAuthSecurityRestExtension' (org.apache.kafka.connect.runtime.isolation.DelegatingClassLoader:105)
[2025-02-23 16:11:13,320] INFO Added plugin 'org.apache.kafka.connect.transforms.ExtractField$Value' (org.apache.kafka.connect.runtime.isolation.DelegatingClassLoader:105)
[2025-02-23 16:11:13,320] INFO Added plugin 'org.apache.kafka.connect.transforms.TimestampConverter$Value' (org.apache.kafka.connect.runtime.isolation.DelegatingClassLoader:105)
[2025-02-23 16:11:13,320] INFO Added plugin 'org.apache.kafka.connect.converters.FloatConverter' (org.apache.kafka.connect.runtime.isolation.DelegatingClassLoader:105)
[2025-02-23 16:11:13,320] INFO Added plugin 'org.apache.kafka.connect.transforms.TimestampConverter$Key' (org.apache.kafka.connect.runtime.isolation.DelegatingClassLoader:105)
[2025-02-23 16:11:13,320] INFO Added plugin 'io.debezium.transforms.HeaderToValue' (org.apache.kafka.connect.runtime.isolation.DelegatingClassLoader:105)
[2025-02-23 16:11:13,320] INFO Added plugin 'io.debezium.transforms.SchemaChangeEventFilter' (org.apache.kafka.connect.runtime.isolation.DelegatingClassLoader:105)
[2025-02-23 16:11:13,320] INFO Added plugin 'org.apache.kafka.connect.transforms.TimestampRouter' (org.apache.kafka.connect.runtime.isolation.DelegatingClassLoader:105)
[2025-02-23 16:11:13,321] INFO Added plugin 'io.debezium.transforms.ExtractSchemaToNewRecord' (org.apache.kafka.connect.runtime.isolation.DelegatingClassLoader:105)
[2025-02-23 16:11:13,321] INFO Added plugin 'io.debezium.transforms.ByLogicalTableRouter' (org.apache.kafka.connect.runtime.isolation.DelegatingClassLoader:105)
[2025-02-23 16:11:13,321] INFO Added plugin 'org.apache.kafka.connect.transforms.RegexRouter' (org.apache.kafka.connect.runtime.isolation.DelegatingClassLoader:105)
[2025-02-23 16:11:13,321] INFO Added plugin 'org.apache.kafka.connect.transforms.HoistField$Value' (org.apache.kafka.connect.runtime.isolation.DelegatingClassLoader:105)
[2025-02-23 16:11:13,321] INFO Added plugin 'org.apache.kafka.connect.transforms.ValueToKey' (org.apache.kafka.connect.runtime.isolation.DelegatingClassLoader:105)
[2025-02-23 16:11:13,321] INFO Added plugin 'org.apache.kafka.connect.converters.LongConverter' (org.apache.kafka.connect.runtime.isolation.DelegatingClassLoader:105)
[2025-02-23 16:11:13,321] INFO Added plugin 'org.apache.kafka.common.config.provider.FileConfigProvider' (org.apache.kafka.connect.runtime.isolation.DelegatingClassLoader:105)
[2025-02-23 16:11:13,321] INFO Added plugin 'org.apache.kafka.connect.json.JsonConverter' (org.apache.kafka.connect.runtime.isolation.DelegatingClassLoader:105)
[2025-02-23 16:11:13,321] INFO Added plugin 'io.debezium.transforms.TimezoneConverter' (org.apache.kafka.connect.runtime.isolation.DelegatingClassLoader:105)
[2025-02-23 16:11:13,321] INFO Added plugin 'org.apache.kafka.connect.transforms.HeaderFrom$Key' (org.apache.kafka.connect.runtime.isolation.DelegatingClassLoader:105)
[2025-02-23 16:11:13,322] INFO Added plugin 'org.apache.kafka.connect.transforms.predicates.HasHeaderKey' (org.apache.kafka.connect.runtime.isolation.DelegatingClassLoader:105)
[2025-02-23 16:11:13,322] INFO Added plugin 'org.apache.kafka.connect.transforms.MaskField$Value' (org.apache.kafka.connect.runtime.isolation.DelegatingClassLoader:105)
[2025-02-23 16:11:13,322] INFO Added plugin 'org.apache.kafka.common.config.provider.EnvVarConfigProvider' (org.apache.kafka.connect.runtime.isolation.DelegatingClassLoader:105)
[2025-02-23 16:11:13,322] INFO Added plugin 'io.debezium.transforms.ExtractChangedRecordState' (org.apache.kafka.connect.runtime.isolation.DelegatingClassLoader:105)
[2025-02-23 16:11:13,322] INFO Added plugin 'org.apache.kafka.connect.storage.StringConverter' (org.apache.kafka.connect.runtime.isolation.DelegatingClassLoader:105)
[2025-02-23 16:11:13,322] INFO Added plugin 'io.debezium.transforms.tracing.ActivateTracingSpan' (org.apache.kafka.connect.runtime.isolation.DelegatingClassLoader:105)
[2025-02-23 16:11:13,322] INFO Added plugin 'org.apache.kafka.connect.transforms.MaskField$Key' (org.apache.kafka.connect.runtime.isolation.DelegatingClassLoader:105)
[2025-02-23 16:11:13,322] INFO Added plugin 'io.debezium.connector.mysql.rest.DebeziumMySqlConnectRestExtension' (org.apache.kafka.connect.runtime.isolation.DelegatingClassLoader:105)
[2025-02-23 16:11:13,322] INFO Added plugin 'org.apache.kafka.connect.transforms.ExtractField$Key' (org.apache.kafka.connect.runtime.isolation.DelegatingClassLoader:105)
[2025-02-23 16:11:13,322] INFO Added plugin 'io.debezium.connector.mysql.transforms.ReadToInsertEvent' (org.apache.kafka.connect.runtime.isolation.DelegatingClassLoader:105)
[2025-02-23 16:11:13,322] INFO Added plugin 'org.apache.kafka.connect.transforms.InsertField$Key' (org.apache.kafka.connect.runtime.isolation.DelegatingClassLoader:105)
[2025-02-23 16:11:13,322] INFO Added plugin 'org.apache.kafka.connect.converters.BooleanConverter' (org.apache.kafka.connect.runtime.isolation.DelegatingClassLoader:105)
[2025-02-23 16:11:13,323] INFO Added plugin 'org.apache.kafka.connect.mirror.MirrorHeartbeatConnector' (org.apache.kafka.connect.runtime.isolation.DelegatingClassLoader:105)
[2025-02-23 16:11:13,323] INFO Added plugin 'io.debezium.converters.CloudEventsConverter' (org.apache.kafka.connect.runtime.isolation.DelegatingClassLoader:105)
[2025-02-23 16:11:13,323] INFO Added plugin 'org.apache.kafka.connect.transforms.HoistField$Key' (org.apache.kafka.connect.runtime.isolation.DelegatingClassLoader:105)
[2025-02-23 16:11:13,323] INFO Added plugin 'org.apache.kafka.connect.converters.ShortConverter' (org.apache.kafka.connect.runtime.isolation.DelegatingClassLoader:105)
[2025-02-23 16:11:13,325] INFO Added alias 'RecordIsTombstone' to plugin 'org.apache.kafka.connect.transforms.predicates.RecordIsTombstone' (org.apache.kafka.connect.runtime.isolation.DelegatingClassLoader:109)
[2025-02-23 16:11:13,325] INFO Added alias 'CloudEventsConverter' to plugin 'io.debezium.converters.CloudEventsConverter' (org.apache.kafka.connect.runtime.isolation.DelegatingClassLoader:109)
[2025-02-23 16:11:13,325] INFO Added alias 'String' to plugin 'org.apache.kafka.connect.storage.StringConverter' (org.apache.kafka.connect.runtime.isolation.DelegatingClassLoader:109)
[2025-02-23 16:11:13,325] INFO Added alias 'MySql' to plugin 'io.debezium.connector.mysql.MySqlConnector' (org.apache.kafka.connect.runtime.isolation.DelegatingClassLoader:109)
[2025-02-23 16:11:13,325] INFO Added alias 'EnvVar' to plugin 'org.apache.kafka.common.config.provider.EnvVarConfigProvider' (org.apache.kafka.connect.runtime.isolation.DelegatingClassLoader:109)
[2025-02-23 16:11:13,325] INFO Added alias 'EnvVarConfigProvider' to plugin 'org.apache.kafka.common.config.provider.EnvVarConfigProvider' (org.apache.kafka.connect.runtime.isolation.DelegatingClassLoader:109)
[2025-02-23 16:11:13,325] INFO Added alias 'MirrorCheckpointConnector' to plugin 'org.apache.kafka.connect.mirror.MirrorCheckpointConnector' (org.apache.kafka.connect.runtime.isolation.DelegatingClassLoader:109)
[2025-02-23 16:11:13,326] INFO Added alias 'Boolean' to plugin 'org.apache.kafka.connect.converters.BooleanConverter' (org.apache.kafka.connect.runtime.isolation.DelegatingClassLoader:109)
[2025-02-23 16:11:13,326] INFO Added alias 'MySqlConnector' to plugin 'io.debezium.connector.mysql.MySqlConnector' (org.apache.kafka.connect.runtime.isolation.DelegatingClassLoader:109)
[2025-02-23 16:11:13,326] INFO Added alias 'HeaderToValue' to plugin 'io.debezium.transforms.HeaderToValue' (org.apache.kafka.connect.runtime.isolation.DelegatingClassLoader:109)
[2025-02-23 16:11:13,326] INFO Added alias 'PartitionRouting' to plugin 'io.debezium.transforms.partitions.PartitionRouting' (org.apache.kafka.connect.runtime.isolation.DelegatingClassLoader:109)
[2025-02-23 16:11:13,326] INFO Added alias 'Json' to plugin 'org.apache.kafka.connect.json.JsonConverter' (org.apache.kafka.connect.runtime.isolation.DelegatingClassLoader:109)
[2025-02-23 16:11:13,326] INFO Added alias 'StringConverter' to plugin 'org.apache.kafka.connect.storage.StringConverter' (org.apache.kafka.connect.runtime.isolation.DelegatingClassLoader:109)
[2025-02-23 16:11:13,326] INFO Added alias 'IntegerConverter' to plugin 'org.apache.kafka.connect.converters.IntegerConverter' (org.apache.kafka.connect.runtime.isolation.DelegatingClassLoader:109)
[2025-02-23 16:11:13,326] INFO Added alias 'Float' to plugin 'org.apache.kafka.connect.converters.FloatConverter' (org.apache.kafka.connect.runtime.isolation.DelegatingClassLoader:109)
[2025-02-23 16:11:13,326] INFO Added alias 'LongConverter' to plugin 'org.apache.kafka.connect.converters.LongConverter' (org.apache.kafka.connect.runtime.isolation.DelegatingClassLoader:109)
[2025-02-23 16:11:13,326] INFO Added alias 'DropHeaders' to plugin 'org.apache.kafka.connect.transforms.DropHeaders' (org.apache.kafka.connect.runtime.isolation.DelegatingClassLoader:109)
[2025-02-23 16:11:13,326] INFO Added alias 'SimpleHeaderConverter' to plugin 'org.apache.kafka.connect.storage.SimpleHeaderConverter' (org.apache.kafka.connect.runtime.isolation.DelegatingClassLoader:109)
[2025-02-23 16:11:13,326] INFO Added alias 'ExtractSchemaToNewRecord' to plugin 'io.debezium.transforms.ExtractSchemaToNewRecord' (org.apache.kafka.connect.runtime.isolation.DelegatingClassLoader:109)
[2025-02-23 16:11:13,326] INFO Added alias 'BinaryData' to plugin 'io.debezium.converters.BinaryDataConverter' (org.apache.kafka.connect.runtime.isolation.DelegatingClassLoader:109)
[2025-02-23 16:11:13,326] INFO Added alias 'DirectoryConfigProvider' to plugin 'org.apache.kafka.common.config.provider.DirectoryConfigProvider' (org.apache.kafka.connect.runtime.isolation.DelegatingClassLoader:109)
[2025-02-23 16:11:13,327] INFO Added alias 'ReadToInsertEvent' to plugin 'io.debezium.connector.mysql.transforms.ReadToInsertEvent' (org.apache.kafka.connect.runtime.isolation.DelegatingClassLoader:109)
[2025-02-23 16:11:13,327] INFO Added alias 'ShortConverter' to plugin 'org.apache.kafka.connect.converters.ShortConverter' (org.apache.kafka.connect.runtime.isolation.DelegatingClassLoader:109)
[2025-02-23 16:11:13,327] INFO Added alias 'CloudEvents' to plugin 'io.debezium.converters.CloudEventsConverter' (org.apache.kafka.connect.runtime.isolation.DelegatingClassLoader:109)
[2025-02-23 16:11:13,327] INFO Added alias 'TimezoneConverter' to plugin 'io.debezium.transforms.TimezoneConverter' (org.apache.kafka.connect.runtime.isolation.DelegatingClassLoader:109)
[2025-02-23 16:11:13,327] INFO Added alias 'BasicAuthSecurityRestExtension' to plugin 'org.apache.kafka.connect.rest.basic.auth.extension.BasicAuthSecurityRestExtension' (org.apache.kafka.connect.runtime.isolation.DelegatingClassLoader:109)
[2025-02-23 16:11:13,327] INFO Added alias 'Simple' to plugin 'org.apache.kafka.connect.storage.SimpleHeaderConverter' (org.apache.kafka.connect.runtime.isolation.DelegatingClassLoader:109)
[2025-02-23 16:11:13,327] INFO Added alias 'AllConnectorClientConfigOverridePolicy' to plugin 'org.apache.kafka.connect.connector.policy.AllConnectorClientConfigOverridePolicy' (org.apache.kafka.connect.runtime.isolation.DelegatingClassLoader:109)
[2025-02-23 16:11:13,327] INFO Added alias 'ExtractNewRecordState' to plugin 'io.debezium.transforms.ExtractNewRecordState' (org.apache.kafka.connect.runtime.isolation.DelegatingClassLoader:109)
[2025-02-23 16:11:13,327] INFO Added alias 'MirrorSource' to plugin 'org.apache.kafka.connect.mirror.MirrorSourceConnector' (org.apache.kafka.connect.runtime.isolation.DelegatingClassLoader:109)
[2025-02-23 16:11:13,327] INFO Added alias 'Directory' to plugin 'org.apache.kafka.common.config.provider.DirectoryConfigProvider' (org.apache.kafka.connect.runtime.isolation.DelegatingClassLoader:109)
[2025-02-23 16:11:13,327] INFO Added alias 'MirrorHeartbeat' to plugin 'org.apache.kafka.connect.mirror.MirrorHeartbeatConnector' (org.apache.kafka.connect.runtime.isolation.DelegatingClassLoader:109)
[2025-02-23 16:11:13,327] INFO Added alias 'BooleanConverter' to plugin 'org.apache.kafka.connect.converters.BooleanConverter' (org.apache.kafka.connect.runtime.isolation.DelegatingClassLoader:109)
[2025-02-23 16:11:13,327] INFO Added alias 'HasHeaderKey' to plugin 'org.apache.kafka.connect.transforms.predicates.HasHeaderKey' (org.apache.kafka.connect.runtime.isolation.DelegatingClassLoader:109)
[2025-02-23 16:11:13,328] INFO Added alias 'MirrorCheckpoint' to plugin 'org.apache.kafka.connect.mirror.MirrorCheckpointConnector' (org.apache.kafka.connect.runtime.isolation.DelegatingClassLoader:109)
[2025-02-23 16:11:13,328] INFO Added alias 'ExtractChangedRecordState' to plugin 'io.debezium.transforms.ExtractChangedRecordState' (org.apache.kafka.connect.runtime.isolation.DelegatingClassLoader:109)
[2025-02-23 16:11:13,328] INFO Added alias 'None' to plugin 'org.apache.kafka.connect.connector.policy.NoneConnectorClientConfigOverridePolicy' (org.apache.kafka.connect.runtime.isolation.DelegatingClassLoader:109)
[2025-02-23 16:11:13,328] INFO Added alias 'TimestampRouter' to plugin 'org.apache.kafka.connect.transforms.TimestampRouter' (org.apache.kafka.connect.runtime.isolation.DelegatingClassLoader:109)
[2025-02-23 16:11:13,328] INFO Added alias 'Principal' to plugin 'org.apache.kafka.connect.connector.policy.PrincipalConnectorClientConfigOverridePolicy' (org.apache.kafka.connect.runtime.isolation.DelegatingClassLoader:109)
[2025-02-23 16:11:13,328] INFO Added alias 'All' to plugin 'org.apache.kafka.connect.connector.policy.AllConnectorClientConfigOverridePolicy' (org.apache.kafka.connect.runtime.isolation.DelegatingClassLoader:109)
[2025-02-23 16:11:13,328] INFO Added alias 'JsonConverter' to plugin 'org.apache.kafka.connect.json.JsonConverter' (org.apache.kafka.connect.runtime.isolation.DelegatingClassLoader:109)
[2025-02-23 16:11:13,328] INFO Added alias 'DebeziumMySql' to plugin 'io.debezium.connector.mysql.rest.DebeziumMySqlConnectRestExtension' (org.apache.kafka.connect.runtime.isolation.DelegatingClassLoader:109)
[2025-02-23 16:11:13,328] INFO Added alias 'DebeziumMySqlConnectRestExtension' to plugin 'io.debezium.connector.mysql.rest.DebeziumMySqlConnectRestExtension' (org.apache.kafka.connect.runtime.isolation.DelegatingClassLoader:109)
[2025-02-23 16:11:13,328] INFO Added alias 'RegexRouter' to plugin 'org.apache.kafka.connect.transforms.RegexRouter' (org.apache.kafka.connect.runtime.isolation.DelegatingClassLoader:109)
[2025-02-23 16:11:13,328] INFO Added alias 'NoneConnectorClientConfigOverridePolicy' to plugin 'org.apache.kafka.connect.connector.policy.NoneConnectorClientConfigOverridePolicy' (org.apache.kafka.connect.runtime.isolation.DelegatingClassLoader:109)
[2025-02-23 16:11:13,328] INFO Added alias 'Short' to plugin 'org.apache.kafka.connect.converters.ShortConverter' (org.apache.kafka.connect.runtime.isolation.DelegatingClassLoader:109)
[2025-02-23 16:11:13,328] INFO Added alias 'ByLogicalTableRouter' to plugin 'io.debezium.transforms.ByLogicalTableRouter' (org.apache.kafka.connect.runtime.isolation.DelegatingClassLoader:109)
[2025-02-23 16:11:13,329] INFO Added alias 'Double' to plugin 'org.apache.kafka.connect.converters.DoubleConverter' (org.apache.kafka.connect.runtime.isolation.DelegatingClassLoader:109)
[2025-02-23 16:11:13,329] INFO Added alias 'FileConfigProvider' to plugin 'org.apache.kafka.common.config.provider.FileConfigProvider' (org.apache.kafka.connect.runtime.isolation.DelegatingClassLoader:109)
[2025-02-23 16:11:13,329] INFO Added alias 'EventRouter' to plugin 'io.debezium.transforms.outbox.EventRouter' (org.apache.kafka.connect.runtime.isolation.DelegatingClassLoader:109)
[2025-02-23 16:11:13,329] INFO Added alias 'SchemaChangeEventFilter' to plugin 'io.debezium.transforms.SchemaChangeEventFilter' (org.apache.kafka.connect.runtime.isolation.DelegatingClassLoader:109)
[2025-02-23 16:11:13,329] INFO Added alias 'Long' to plugin 'org.apache.kafka.connect.converters.LongConverter' (org.apache.kafka.connect.runtime.isolation.DelegatingClassLoader:109)
[2025-02-23 16:11:13,329] INFO Added alias 'File' to plugin 'org.apache.kafka.common.config.provider.FileConfigProvider' (org.apache.kafka.connect.runtime.isolation.DelegatingClassLoader:109)
[2025-02-23 16:11:13,329] INFO Added alias 'FloatConverter' to plugin 'org.apache.kafka.connect.converters.FloatConverter' (org.apache.kafka.connect.runtime.isolation.DelegatingClassLoader:109)
[2025-02-23 16:11:13,329] INFO Added alias 'ActivateTracingSpan' to plugin 'io.debezium.transforms.tracing.ActivateTracingSpan' (org.apache.kafka.connect.runtime.isolation.DelegatingClassLoader:109)
[2025-02-23 16:11:13,329] INFO Added alias 'DoubleConverter' to plugin 'org.apache.kafka.connect.converters.DoubleConverter' (org.apache.kafka.connect.runtime.isolation.DelegatingClassLoader:109)
[2025-02-23 16:11:13,329] INFO Added alias 'BinaryDataConverter' to plugin 'io.debezium.converters.BinaryDataConverter' (org.apache.kafka.connect.runtime.isolation.DelegatingClassLoader:109)
[2025-02-23 16:11:13,329] INFO Added alias 'TopicNameMatches' to plugin 'org.apache.kafka.connect.transforms.predicates.TopicNameMatches' (org.apache.kafka.connect.runtime.isolation.DelegatingClassLoader:109)
[2025-02-23 16:11:13,330] INFO Added alias 'MirrorHeartbeatConnector' to plugin 'org.apache.kafka.connect.mirror.MirrorHeartbeatConnector' (org.apache.kafka.connect.runtime.isolation.DelegatingClassLoader:109)
[2025-02-23 16:11:13,330] INFO Added alias 'InsertHeader' to plugin 'org.apache.kafka.connect.transforms.InsertHeader' (org.apache.kafka.connect.runtime.isolation.DelegatingClassLoader:109)
[2025-02-23 16:11:13,330] INFO Added alias 'MirrorSourceConnector' to plugin 'org.apache.kafka.connect.mirror.MirrorSourceConnector' (org.apache.kafka.connect.runtime.isolation.DelegatingClassLoader:109)
[2025-02-23 16:11:13,330] INFO Added alias 'PrincipalConnectorClientConfigOverridePolicy' to plugin 'org.apache.kafka.connect.connector.policy.PrincipalConnectorClientConfigOverridePolicy' (org.apache.kafka.connect.runtime.isolation.DelegatingClassLoader:109)
[2025-02-23 16:11:13,330] INFO Added alias 'ValueToKey' to plugin 'org.apache.kafka.connect.transforms.ValueToKey' (org.apache.kafka.connect.runtime.isolation.DelegatingClassLoader:109)
[2025-02-23 16:11:13,330] INFO Added alias 'Integer' to plugin 'org.apache.kafka.connect.converters.IntegerConverter' (org.apache.kafka.connect.runtime.isolation.DelegatingClassLoader:109)
[2025-02-23 16:11:13,330] INFO Added alias 'Filter' to plugin 'org.apache.kafka.connect.transforms.Filter' (org.apache.kafka.connect.runtime.isolation.DelegatingClassLoader:109)
[2025-02-23 16:11:13,337] INFO StandaloneConfig values:
[2025-02-23 16:11:13,337] INFO Creating Kafka admin client (org.apache.kafka.connect.runtime.WorkerConfig:281)
[2025-02-23 16:11:13,339] INFO AdminClientConfig values:
[2025-02-23 16:11:13,377] INFO These configurations '[offset.flush.interval.ms, topic.creation.enable, key.converter.schemas.enable, offset.storage.file.filename, value.converter.schemas.enable, plugin.path, value.converter, key.converter]' were supplied but are not used yet. (org.apache.kafka.clients.admin.AdminClientConfig:380)
[2025-02-23 16:11:13,377] INFO Kafka version: 3.9.0 (org.apache.kafka.common.utils.AppInfoParser:125)
[2025-02-23 16:11:13,377] INFO Kafka commitId: a60e31147e6b01ee (org.apache.kafka.common.utils.AppInfoParser:126)
[2025-02-23 16:11:13,377] INFO Kafka startTimeMs: 1740345073377 (org.apache.kafka.common.utils.AppInfoParser:127)
[2025-02-23 16:11:13,604] INFO Kafka cluster ID: qySIHcccQVufqqmHWccd9A (org.apache.kafka.connect.runtime.WorkerConfig:298)
[2025-02-23 16:11:13,604] INFO App info kafka.admin.client for adminclient-1 unregistered (org.apache.kafka.common.utils.AppInfoParser:89)
[2025-02-23 16:11:13,609] INFO Metrics scheduler closed (org.apache.kafka.common.metrics.Metrics:685)
[2025-02-23 16:11:13,609] INFO Closing reporter org.apache.kafka.common.metrics.JmxReporter (org.apache.kafka.common.metrics.Metrics:689)
[2025-02-23 16:11:13,609] INFO Metrics reporters closed (org.apache.kafka.common.metrics.Metrics:695)
[2025-02-23 16:11:13,614] INFO PublicConfig values:
[2025-02-23 16:11:13,621] INFO Logging initialized @2029ms to org.eclipse.jetty.util.log.Slf4jLog (org.eclipse.jetty.util.log:170)
[2025-02-23 16:11:13,646] INFO Added connector for http://:8083 (org.apache.kafka.connect.runtime.rest.RestServer:125)
[2025-02-23 16:11:13,646] INFO Initializing REST server (org.apache.kafka.connect.runtime.rest.RestServer:196)
[2025-02-23 16:11:13,659] INFO jetty-9.4.56.v20240826; built: 2024-08-26T17:15:05.868Z; git: ec6782ff5ead824dabdcf47fa98f90a4aedff401; jvm 17.0.14+7-Ubuntu-120.04 (org.eclipse.jetty.server.Server:375)
[2025-02-23 16:11:13,671] INFO Started http_8083@19bfbe28{HTTP/1.1, (http/1.1)}{0.0.0.0:8083} (org.eclipse.jetty.server.AbstractConnector:333)
[2025-02-23 16:11:13,671] INFO Started @2079ms (org.eclipse.jetty.server.Server:415)
[2025-02-23 16:11:13,682] INFO Advertised URI: http://127.0.1.1:8083/ (org.apache.kafka.connect.runtime.rest.RestServer:416)
[2025-02-23 16:11:13,682] INFO REST server listening at http://127.0.1.1:8083/, advertising URL http://127.0.1.1:8083/ (org.apache.kafka.connect.runtime.rest.RestServer:216)
[2025-02-23 16:11:13,682] INFO Advertised URI: http://127.0.1.1:8083/ (org.apache.kafka.connect.runtime.rest.RestServer:416)
[2025-02-23 16:11:13,682] INFO REST admin endpoints at http://127.0.1.1:8083/ (org.apache.kafka.connect.runtime.rest.RestServer:219)
[2025-02-23 16:11:13,682] INFO Advertised URI: http://127.0.1.1:8083/ (org.apache.kafka.connect.runtime.rest.RestServer:416)
[2025-02-23 16:11:13,682] INFO Setting up All Policy for ConnectorClientConfigOverride. This will allow all client configurations to be overridden (org.apache.kafka.connect.connector.policy.AllConnectorClientConfigOverridePolicy:45)
[2025-02-23 16:11:13,684] INFO JsonConverterConfig values:
[2025-02-23 16:11:13,692] INFO Kafka version: 3.9.0 (org.apache.kafka.common.utils.AppInfoParser:125)
[2025-02-23 16:11:13,692] INFO Kafka commitId: a60e31147e6b01ee (org.apache.kafka.common.utils.AppInfoParser:126)
[2025-02-23 16:11:13,692] INFO Kafka startTimeMs: 1740345073691 (org.apache.kafka.common.utils.AppInfoParser:127)
[2025-02-23 16:11:13,697] INFO JsonConverterConfig values:
[2025-02-23 16:11:13,697] INFO JsonConverterConfig values:
[2025-02-23 16:11:13,702] INFO Kafka Connect worker initialization took 1791ms (org.apache.kafka.connect.cli.AbstractConnectCli:141)
[2025-02-23 16:11:13,702] INFO Kafka Connect starting (org.apache.kafka.connect.runtime.Connect:67)
[2025-02-23 16:11:13,703] INFO Herder starting (org.apache.kafka.connect.runtime.standalone.StandaloneHerder:112)
[2025-02-23 16:11:13,703] INFO Worker starting (org.apache.kafka.connect.runtime.Worker:233)
[2025-02-23 16:11:13,704] INFO Starting FileOffsetBackingStore with file /tmp/connect.offsets (org.apache.kafka.connect.storage.FileOffsetBackingStore:64)
[2025-02-23 16:11:13,705] INFO Worker started (org.apache.kafka.connect.runtime.Worker:243)
[2025-02-23 16:11:13,705] INFO Herder started (org.apache.kafka.connect.runtime.standalone.StandaloneHerder:114)
[2025-02-23 16:11:13,705] INFO Initializing REST resources (org.apache.kafka.connect.runtime.rest.RestServer:223)
[2025-02-23 16:11:13,726] INFO Adding admin resources to main listener (org.apache.kafka.connect.runtime.rest.RestServer:238)
[2025-02-23 16:11:13,754] INFO DefaultSessionIdManager workerName=node0 (org.eclipse.jetty.server.session:334)
[2025-02-23 16:11:13,754] INFO No SessionScavenger set, using defaults (org.eclipse.jetty.server.session:339)
[2025-02-23 16:11:13,755] INFO node0 Scavenging every 600000ms (org.eclipse.jetty.server.session:132)
[2025-02-23 16:11:13,996] INFO Started o.e.j.s.ServletContextHandler@5ef2cbe6{/,null,AVAILABLE} (org.eclipse.jetty.server.handler.ContextHandler:921)
[2025-02-23 16:11:13,996] INFO REST resources initialized; server is started and ready to handle requests (org.apache.kafka.connect.runtime.rest.RestServer:303)
[2025-02-23 16:11:13,998] INFO Kafka Connect started (org.apache.kafka.connect.runtime.Connect:77)
[2025-02-23 16:11:21,422] INFO 127.0.0.1 - - [23/Feb/2025:21:11:21 +0000] "GET /connectors/?expand=status HTTP/1.1" 200 2 "-" "IntelliJ HTTP Client/PhpStorm 2024.3.3" 47 (org.apache.kafka.connect.runtime.rest.RestServer:62)
[2025-02-23 16:14:21,555] INFO Loading the custom source info struct maker plugin: io.debezium.connector.mysql.MySqlSourceInfoStructMaker (io.debezium.config.CommonConnectorConfig:1701)
[2025-02-23 16:14:21,856] INFO Using 'SHOW MASTER STATUS' to get binary log status (io.debezium.connector.mysql.jdbc.MySqlConnection:41)
[2025-02-23 16:14:21,860] INFO Successfully tested connection for jdbc:mysql://localhost:3306/?useInformationSchema=true&nullCatalogMeansCurrent=false&useUnicode=true&characterEncoding=UTF-8&characterSetResults=UTF-8&zeroDateTimeBehavior=CONVERT_TO_NULL&connectTimeout=30000 with user 'debezium' (io.debezium.connector.binlog.BinlogConnector:66)
[2025-02-23 16:14:21,862] INFO Connection gracefully closed (io.debezium.jdbc.JdbcConnection:983)
[2025-02-23 16:14:21,865] INFO AbstractConfig values:
[2025-02-23 16:14:21,870] INFO [test-connector-003|worker] Creating connector test-connector-003 of type io.debezium.connector.mysql.MySqlConnector (org.apache.kafka.connect.runtime.Worker:313)
[2025-02-23 16:14:21,871] INFO [test-connector-003|worker] SourceConnectorConfig values:
[2025-02-23 16:14:21,871] INFO [test-connector-003|worker] EnrichedConnectorConfig values:
[2025-02-23 16:14:21,874] INFO [test-connector-003|worker] EnrichedSourceConnectorConfig values:
[2025-02-23 16:14:21,874] INFO [test-connector-003|worker] EnrichedConnectorConfig values:
[2025-02-23 16:14:21,878] INFO [test-connector-003|worker] Instantiated connector test-connector-003 with version 3.0.6.Final of type class io.debezium.connector.mysql.MySqlConnector (org.apache.kafka.connect.runtime.Worker:335)
[2025-02-23 16:14:21,879] INFO [test-connector-003|worker] Finished creating connector test-connector-003 (org.apache.kafka.connect.runtime.Worker:356)
[2025-02-23 16:14:21,881] INFO SourceConnectorConfig values:
[2025-02-23 16:14:21,881] INFO EnrichedConnectorConfig values:
[2025-02-23 16:14:21,881] INFO EnrichedSourceConnectorConfig values:
[2025-02-23 16:14:21,881] INFO EnrichedConnectorConfig values:
[2025-02-23 16:14:21,885] INFO [test-connector-003|task-0] Creating task test-connector-003-0 (org.apache.kafka.connect.runtime.Worker:646)
[2025-02-23 16:14:21,886] INFO [test-connector-003|task-0] ConnectorConfig values:
[2025-02-23 16:14:21,886] INFO [test-connector-003|task-0] EnrichedConnectorConfig values:
[2025-02-23 16:14:21,887] INFO [test-connector-003|task-0] TaskConfig values:
[2025-02-23 16:14:21,888] INFO [test-connector-003|task-0] Instantiated task test-connector-003-0 with version 3.0.6.Final of type io.debezium.connector.mysql.MySqlConnectorTask (org.apache.kafka.connect.runtime.Worker:665)
[2025-02-23 16:14:21,889] INFO [test-connector-003|task-0] JsonConverterConfig values:
[2025-02-23 16:14:21,889] INFO [test-connector-003|task-0] Set up the key converter class org.apache.kafka.connect.json.JsonConverter for task test-connector-003-0 using the worker config (org.apache.kafka.connect.runtime.Worker:678)
[2025-02-23 16:14:21,889] INFO [test-connector-003|task-0] JsonConverterConfig values:
[2025-02-23 16:14:21,889] INFO [test-connector-003|task-0] Set up the value converter class org.apache.kafka.connect.json.JsonConverter for task test-connector-003-0 using the worker config (org.apache.kafka.connect.runtime.Worker:684)
[2025-02-23 16:14:21,889] INFO [test-connector-003|task-0] Set up the header converter class org.apache.kafka.connect.storage.SimpleHeaderConverter for task test-connector-003-0 using the worker config (org.apache.kafka.connect.runtime.Worker:691)
[2025-02-23 16:14:21,891] INFO [test-connector-003|task-0] Initializing: org.apache.kafka.connect.runtime.TransformationChain{} (org.apache.kafka.connect.runtime.Worker:1795)
[2025-02-23 16:14:21,891] INFO [test-connector-003|task-0] SourceConnectorConfig values:
[2025-02-23 16:14:21,891] INFO [test-connector-003|task-0] EnrichedConnectorConfig values:
[2025-02-23 16:14:21,891] INFO [test-connector-003|task-0] EnrichedSourceConnectorConfig values:
[2025-02-23 16:14:21,892] INFO [test-connector-003|task-0] EnrichedConnectorConfig values:
[2025-02-23 16:14:21,895] INFO [test-connector-003|task-0] ProducerConfig values:
[2025-02-23 16:14:21,908] INFO [test-connector-003|task-0] initializing Kafka metrics collector (org.apache.kafka.common.telemetry.internals.KafkaMetricsCollector:270)
[2025-02-23 16:14:21,923] INFO [test-connector-003|task-0] These configurations '[metrics.context.connect.kafka.cluster.id]' were supplied but are not used yet. (org.apache.kafka.clients.producer.ProducerConfig:380)
[2025-02-23 16:14:21,923] INFO [test-connector-003|task-0] Kafka version: 3.9.0 (org.apache.kafka.common.utils.AppInfoParser:125)
[2025-02-23 16:14:21,923] INFO [test-connector-003|task-0] Kafka commitId: a60e31147e6b01ee (org.apache.kafka.common.utils.AppInfoParser:126)
[2025-02-23 16:14:21,923] INFO [test-connector-003|task-0] Kafka startTimeMs: 1740345261923 (org.apache.kafka.common.utils.AppInfoParser:127)
[2025-02-23 16:14:21,925] INFO [test-connector-003|task-0] AdminClientConfig values:
[2025-02-23 16:14:21,928] INFO [test-connector-003|task-0] These configurations '[offset.flush.interval.ms, topic.creation.enable, key.converter.schemas.enable, offset.storage.file.filename, metrics.context.connect.kafka.cluster.id, value.converter.schemas.enable, plugin.path, value.converter, key.converter]' were supplied but are not used yet. (org.apache.kafka.clients.admin.AdminClientConfig:380)
[2025-02-23 16:14:21,928] INFO [test-connector-003|task-0] Kafka version: 3.9.0 (org.apache.kafka.common.utils.AppInfoParser:125)
[2025-02-23 16:14:21,928] INFO [test-connector-003|task-0] Kafka commitId: a60e31147e6b01ee (org.apache.kafka.common.utils.AppInfoParser:126)
[2025-02-23 16:14:21,928] INFO [test-connector-003|task-0] Kafka startTimeMs: 1740345261928 (org.apache.kafka.common.utils.AppInfoParser:127)
[2025-02-23 16:14:21,931] INFO [test-connector-003|task-0] [Producer clientId=connector-producer-test-connector-003-0] Cluster ID: qySIHcccQVufqqmHWccd9A (org.apache.kafka.clients.Metadata:365)
[2025-02-23 16:14:21,939] INFO [test-connector-003|task-0] Starting MySqlConnectorTask with configuration:
[2025-02-23 16:14:21,939] INFO [test-connector-003|task-0] Loading the custom source info struct maker plugin: io.debezium.connector.mysql.MySqlSourceInfoStructMaker (io.debezium.config.CommonConnectorConfig:1701)
[2025-02-23 16:14:21,940] INFO [test-connector-003|task-0] Loading the custom topic naming strategy plugin: io.debezium.schema.DefaultTopicNamingStrategy (io.debezium.config.CommonConnectorConfig:1401)
[2025-02-23 16:14:21,950] INFO 127.0.0.1 - - [23/Feb/2025:21:14:21 +0000] "POST /connectors/ HTTP/1.1" 201 1106 "-" "IntelliJ HTTP Client/PhpStorm 2024.3.3" 478 (org.apache.kafka.connect.runtime.rest.RestServer:62)
[2025-02-23 16:14:21,961] INFO [test-connector-003|task-0] Using 'SHOW MASTER STATUS' to get binary log status (io.debezium.connector.mysql.jdbc.MySqlConnection:41)
[2025-02-23 16:14:21,966] INFO [test-connector-003|task-0] No previous offsets found (io.debezium.connector.common.BaseSourceTask:536)
[2025-02-23 16:14:21,990] INFO [test-connector-003|task-0] KafkaSchemaHistory Consumer config: {key.deserializer=org.apache.kafka.common.serialization.StringDeserializer, value.deserializer=org.apache.kafka.common.serialization.StringDeserializer, enable.auto.commit=false, group.id=test-connector-003-schemahistory, bootstrap.servers=localhost:9092, fetch.min.bytes=1, session.timeout.ms=10000, auto.offset.reset=earliest, client.id=test-connector-003-schemahistory} (io.debezium.storage.kafka.history.KafkaSchemaHistory:245)
[2025-02-23 16:14:21,990] INFO [test-connector-003|task-0] KafkaSchemaHistory Producer config: {retries=1, value.serializer=org.apache.kafka.common.serialization.StringSerializer, acks=1, batch.size=32768, max.block.ms=10000, bootstrap.servers=localhost:9092, buffer.memory=1048576, key.serializer=org.apache.kafka.common.serialization.StringSerializer, client.id=test-connector-003-schemahistory, linger.ms=0} (io.debezium.storage.kafka.history.KafkaSchemaHistory:246)
[2025-02-23 16:14:21,990] INFO [test-connector-003|task-0] Requested thread factory for component MySqlConnector, id = test-connector-003 named = db-history-config-check (io.debezium.util.Threads:270)
[2025-02-23 16:14:21,992] INFO [test-connector-003|task-0] Idempotence will be disabled because acks is set to 1, not set to 'all'. (org.apache.kafka.clients.producer.ProducerConfig:587)
[2025-02-23 16:14:21,992] INFO [test-connector-003|task-0] ProducerConfig values:
[2025-02-23 16:14:21,993] INFO [test-connector-003|task-0] initializing Kafka metrics collector (org.apache.kafka.common.telemetry.internals.KafkaMetricsCollector:270)
[2025-02-23 16:14:21,997] INFO [test-connector-003|task-0] Kafka version: 3.9.0 (org.apache.kafka.common.utils.AppInfoParser:125)
[2025-02-23 16:14:21,997] INFO [test-connector-003|task-0] Kafka commitId: a60e31147e6b01ee (org.apache.kafka.common.utils.AppInfoParser:126)
[2025-02-23 16:14:21,998] INFO [test-connector-003|task-0] Kafka startTimeMs: 1740345261997 (org.apache.kafka.common.utils.AppInfoParser:127)
[2025-02-23 16:14:22,002] INFO [test-connector-003|task-0] [Producer clientId=test-connector-003-schemahistory] Cluster ID: qySIHcccQVufqqmHWccd9A (org.apache.kafka.clients.Metadata:365)
[2025-02-23 16:14:22,039] INFO [test-connector-003|task-0] Using 'SHOW MASTER STATUS' to get binary log status (io.debezium.connector.mysql.jdbc.MySqlConnection:41)
[2025-02-23 16:14:22,054] INFO [test-connector-003|task-0] Snapshot mode is set to ALWAYS, not checking exiting offset. (io.debezium.snapshot.mode.AlwaysSnapshotter:32)
[2025-02-23 16:14:22,054] INFO [test-connector-003|task-0] Closing connection before starting schema recovery (io.debezium.connector.mysql.MySqlConnectorTask:123)
[2025-02-23 16:14:22,055] INFO [test-connector-003|task-0] Connection gracefully closed (io.debezium.jdbc.JdbcConnection:983)
[2025-02-23 16:14:22,057] INFO [test-connector-003|task-0] Connector started for the first time. (io.debezium.connector.common.BaseSourceTask:89)
[2025-02-23 16:14:22,062] INFO [test-connector-003|task-0] ConsumerConfig values:
[2025-02-23 16:14:22,071] INFO [test-connector-003|task-0] initializing Kafka metrics collector (org.apache.kafka.common.telemetry.internals.KafkaMetricsCollector:270)
[2025-02-23 16:14:22,103] INFO [test-connector-003|task-0] Kafka version: 3.9.0 (org.apache.kafka.common.utils.AppInfoParser:125)
[2025-02-23 16:14:22,103] INFO [test-connector-003|task-0] Kafka commitId: a60e31147e6b01ee (org.apache.kafka.common.utils.AppInfoParser:126)
[2025-02-23 16:14:22,103] INFO [test-connector-003|task-0] Kafka startTimeMs: 1740345262103 (org.apache.kafka.common.utils.AppInfoParser:127)
[2025-02-23 16:14:22,109] INFO [test-connector-003|task-0] [Consumer clientId=test-connector-003-schemahistory, groupId=test-connector-003-schemahistory] Cluster ID: qySIHcccQVufqqmHWccd9A (org.apache.kafka.clients.Metadata:365)
[2025-02-23 16:14:22,112] INFO [test-connector-003|task-0] [Consumer clientId=test-connector-003-schemahistory, groupId=test-connector-003-schemahistory] Resetting generation and member id due to: consumer pro-actively leaving the group (org.apache.kafka.clients.consumer.internals.ConsumerCoordinator:1056)
[2025-02-23 16:14:22,112] INFO [test-connector-003|task-0] [Consumer clientId=test-connector-003-schemahistory, groupId=test-connector-003-schemahistory] Request joining group due to: consumer pro-actively leaving the group (org.apache.kafka.clients.consumer.internals.ConsumerCoordinator:1103)
[2025-02-23 16:14:22,117] INFO [test-connector-003|task-0] Metrics scheduler closed (org.apache.kafka.common.metrics.Metrics:685)
[2025-02-23 16:14:22,117] INFO [test-connector-003|task-0] Closing reporter org.apache.kafka.common.metrics.JmxReporter (org.apache.kafka.common.metrics.Metrics:689)
[2025-02-23 16:14:22,117] INFO [test-connector-003|task-0] Closing reporter org.apache.kafka.common.telemetry.internals.ClientTelemetryReporter (org.apache.kafka.common.metrics.Metrics:689)
[2025-02-23 16:14:22,117] INFO [test-connector-003|task-0] Metrics reporters closed (org.apache.kafka.common.metrics.Metrics:695)
[2025-02-23 16:14:22,121] INFO [test-connector-003|task-0] App info kafka.consumer for test-connector-003-schemahistory unregistered (org.apache.kafka.common.utils.AppInfoParser:89)
[2025-02-23 16:14:22,122] INFO [test-connector-003|task-0] AdminClientConfig values:
[2025-02-23 16:14:22,124] INFO [test-connector-003|task-0] These configurations '[value.serializer, acks, batch.size, max.block.ms, buffer.memory, key.serializer, linger.ms]' were supplied but are not used yet. (org.apache.kafka.clients.admin.AdminClientConfig:380)
[2025-02-23 16:14:22,124] INFO [test-connector-003|task-0] Kafka version: 3.9.0 (org.apache.kafka.common.utils.AppInfoParser:125)
[2025-02-23 16:14:22,124] INFO [test-connector-003|task-0] Kafka commitId: a60e31147e6b01ee (org.apache.kafka.common.utils.AppInfoParser:126)
[2025-02-23 16:14:22,124] INFO [test-connector-003|task-0] Kafka startTimeMs: 1740345262124 (org.apache.kafka.common.utils.AppInfoParser:127)
[2025-02-23 16:14:22,294] INFO [test-connector-003|task-0] Database schema history topic '(name=schema-changes.test-connector-003, numPartitions=1, replicationFactor=default, replicasAssignments=null, configs={cleanup.policy=delete, retention.ms=9223372036854775807, retention.bytes=-1})' created (io.debezium.storage.kafka.history.KafkaSchemaHistory:555)
[2025-02-23 16:14:22,295] INFO [test-connector-003|task-0] App info kafka.admin.client for test-connector-003-schemahistory unregistered (org.apache.kafka.common.utils.AppInfoParser:89)
[2025-02-23 16:14:22,296] INFO [test-connector-003|task-0] Metrics scheduler closed (org.apache.kafka.common.metrics.Metrics:685)
[2025-02-23 16:14:22,296] INFO [test-connector-003|task-0] Closing reporter org.apache.kafka.common.metrics.JmxReporter (org.apache.kafka.common.metrics.Metrics:689)
[2025-02-23 16:14:22,296] INFO [test-connector-003|task-0] Metrics reporters closed (org.apache.kafka.common.metrics.Metrics:695)
[2025-02-23 16:14:22,296] INFO [test-connector-003|task-0] Reconnecting after finishing schema recovery (io.debezium.connector.mysql.MySqlConnectorTask:136)
[2025-02-23 16:14:22,311] INFO [test-connector-003|task-0] No previous offset found (io.debezium.connector.mysql.MySqlConnectorTask:147)
[2025-02-23 16:14:22,325] INFO [test-connector-003|task-0] Requested thread factory for component MySqlConnector, id = test-connector-003 named = SignalProcessor (io.debezium.util.Threads:270)
[2025-02-23 16:14:22,337] INFO [test-connector-003|task-0] Requested thread factory for component MySqlConnector, id = test-connector-003 named = change-event-source-coordinator (io.debezium.util.Threads:270)
[2025-02-23 16:14:22,337] INFO [test-connector-003|task-0] Requested thread factory for component MySqlConnector, id = test-connector-003 named = blocking-snapshot (io.debezium.util.Threads:270)
[2025-02-23 16:14:22,338] INFO [test-connector-003|task-0] Creating thread debezium-mysqlconnector-test-connector-003-change-event-source-coordinator (io.debezium.util.Threads:287)
[2025-02-23 16:14:22,339] INFO [test-connector-003|task-0] WorkerSourceTask{id=test-connector-003-0} Source task finished initialization and start (org.apache.kafka.connect.runtime.AbstractWorkerSourceTask:280)
[2025-02-23 16:14:22,341] INFO [test-connector-003|task-0] Metrics registered (io.debezium.pipeline.ChangeEventSourceCoordinator:137)
[2025-02-23 16:14:22,341] INFO [test-connector-003|task-0] Context created (io.debezium.pipeline.ChangeEventSourceCoordinator:140)
[2025-02-23 16:14:22,346] INFO [test-connector-003|task-0] Snapshot mode is set to ALWAYS, not checking exiting offset. (io.debezium.snapshot.mode.AlwaysSnapshotter:32)
[2025-02-23 16:14:22,346] INFO [test-connector-003|task-0] According to the connector configuration both schema and data will be snapshot. (io.debezium.relational.RelationalSnapshotChangeEventSource:282)
[2025-02-23 16:14:22,348] INFO [test-connector-003|task-0] Snapshot step 1 - Preparing (io.debezium.relational.RelationalSnapshotChangeEventSource:135)
[2025-02-23 16:14:22,349] INFO [test-connector-003|task-0] Snapshot step 2 - Determining captured tables (io.debezium.relational.RelationalSnapshotChangeEventSource:144)
[2025-02-23 16:14:22,349] INFO [test-connector-003|task-0] Read list of available databases (io.debezium.connector.binlog.BinlogSnapshotChangeEventSource:116)
[2025-02-23 16:14:22,371] INFO [test-connector-003|task-0] list of available databases is: [information_schema, testdb, mysql] (io.debezium.connector.binlog.BinlogSnapshotChangeEventSource:118)
[2025-02-23 16:14:22,371] INFO [test-connector-003|task-0] Read list of available tables in each database (io.debezium.connector.binlog.BinlogSnapshotChangeEventSource:126)
[2025-02-23 16:14:22,390] INFO [test-connector-003|task-0] snapshot continuing with database(s): [testdb] (io.debezium.connector.binlog.BinlogSnapshotChangeEventSource:147)
[2025-02-23 16:14:22,391] INFO [test-connector-003|task-0] Created connection pool with 1 threads (io.debezium.relational.RelationalSnapshotChangeEventSource:236)
[2025-02-23 16:14:22,391] INFO [test-connector-003|task-0] Snapshot step 3 - Locking captured tables [] (io.debezium.relational.RelationalSnapshotChangeEventSource:153)
[2025-02-23 16:14:22,394] INFO [test-connector-003|task-0] Flush and obtain global read lock to prevent writes to database (io.debezium.connector.binlog.BinlogSnapshotChangeEventSource:488)
[2025-02-23 16:14:22,399] INFO [test-connector-003|task-0] Snapshot step 4 - Determining snapshot offset (io.debezium.relational.RelationalSnapshotChangeEventSource:159)
[2025-02-23 16:14:22,402] INFO [test-connector-003|task-0] Read binlog position of MySQL primary server (io.debezium.connector.mysql.MySqlSnapshotChangeEventSource:58)
[2025-02-23 16:14:22,403] INFO [test-connector-003|task-0] using binlog 'dbhost-mysql-bin.000005' at position '154' and gtid '' (io.debezium.connector.mysql.MySqlSnapshotChangeEventSource:69)
[2025-02-23 16:14:22,403] INFO [test-connector-003|task-0] Snapshot step 5 - Reading structure of captured tables (io.debezium.relational.RelationalSnapshotChangeEventSource:162)
[2025-02-23 16:14:22,403] INFO [test-connector-003|task-0] All eligible tables schema should be captured, capturing: [] (io.debezium.connector.binlog.BinlogSnapshotChangeEventSource:314)
[2025-02-23 16:14:22,818] INFO [test-connector-003|task-0] Snapshot step 6 - Persisting schema history (io.debezium.relational.RelationalSnapshotChangeEventSource:166)
[2025-02-23 16:14:22,889] INFO [test-connector-003|task-0] Releasing global read lock to enable MySQL writes (io.debezium.connector.binlog.BinlogSnapshotChangeEventSource:497)
[2025-02-23 16:14:22,890] INFO [test-connector-003|task-0] Writes to MySQL tables prevented for a total of 00:00:00.49 (io.debezium.connector.binlog.BinlogSnapshotChangeEventSource:501)
[2025-02-23 16:14:22,890] INFO [test-connector-003|task-0] Snapshot step 7 - Snapshotting data (io.debezium.relational.RelationalSnapshotChangeEventSource:178)
[2025-02-23 16:14:22,890] INFO [test-connector-003|task-0] Creating snapshot worker pool with 1 worker thread(s) (io.debezium.relational.RelationalSnapshotChangeEventSource:480)
[2025-02-23 16:14:22,892] INFO [test-connector-003|task-0] Snapshot - Final stage (io.debezium.pipeline.source.AbstractSnapshotChangeEventSource:108)
[2025-02-23 16:14:22,892] INFO [test-connector-003|task-0] Snapshot completed (io.debezium.pipeline.source.AbstractSnapshotChangeEventSource:112)
[2025-02-23 16:14:22,914] INFO [test-connector-003|task-0] Snapshot ended with SnapshotResult [status=COMPLETED, offset=BinlogOffsetContext{sourceInfoSchema=Schema{io.debezium.connector.mysql.Source:STRUCT}, sourceInfo=BinlogSourceInfo{currentGtid='null', currentBinlogFilename='dbhost-mysql-bin.000005', currentBinlogPosition=154, currentRowNumber=0, serverId=0, sourceTime=2025-02-23T21:14:22.818Z, threadId=-1, currentQuery='null', tableIds=[null], databaseName=''}, snapshotCompleted=true, transactionContext=TransactionContext [currentTransactionId=null, perTableEventCount={}, totalEventCount=0], restartGtidSet='null', currentGtidSet='null', restartBinlogFilename='dbhost-mysql-bin.000005', restartBinlogPosition=154, restartRowsToSkip=0, restartEventsToSkip=0, currentEventLengthInBytes=0, inTransaction=false, transactionId='null', incrementalSnapshotContext=IncrementalSnapshotContext [windowOpened=false, chunkEndPosition=null, dataCollectionsToSnapshot=[], lastEventKeySent=null, maximumKey=null]}] (io.debezium.pipeline.ChangeEventSourceCoordinator:298)
[2025-02-23 16:14:22,914] WARN [test-connector-003|task-0] After applying the include/exclude list filters, no changes will be captured. Please check your configuration! (io.debezium.relational.RelationalDatabaseSchema:72)
[2025-02-23 16:14:22,918] INFO [test-connector-003|task-0] Requested thread factory for component MySqlConnector, id = test-connector-003 named = binlog-client (io.debezium.util.Threads:270)
[2025-02-23 16:14:22,921] INFO [test-connector-003|task-0] Enable ssl PREFERRED mode for connector test-connector-003 (io.debezium.connector.binlog.BinlogStreamingChangeEventSource:1289)
[2025-02-23 16:14:22,928] INFO [test-connector-003|task-0] SignalProcessor started. Scheduling it every 5000ms (io.debezium.pipeline.signal.SignalProcessor:105)
[2025-02-23 16:14:22,929] INFO [test-connector-003|task-0] Creating thread debezium-mysqlconnector-test-connector-003-SignalProcessor (io.debezium.util.Threads:287)
[2025-02-23 16:14:22,929] INFO [test-connector-003|task-0] Starting streaming (io.debezium.pipeline.ChangeEventSourceCoordinator:323)
[2025-02-23 16:14:22,929] WARN [test-connector-003|task-0] After applying the include/exclude list filters, no changes will be captured. Please check your configuration! (io.debezium.relational.RelationalDatabaseSchema:72)
[2025-02-23 16:14:22,932] INFO [test-connector-003|task-0] Skip 0 events on streaming start (io.debezium.connector.binlog.BinlogStreamingChangeEventSource:278)
[2025-02-23 16:14:22,932] INFO [test-connector-003|task-0] Skip 0 rows on streaming start (io.debezium.connector.binlog.BinlogStreamingChangeEventSource:282)
[2025-02-23 16:14:22,932] INFO [test-connector-003|task-0] Creating thread debezium-mysqlconnector-test-connector-003-binlog-client (io.debezium.util.Threads:287)
[2025-02-23 16:14:22,934] INFO [test-connector-003|task-0] Creating thread debezium-mysqlconnector-test-connector-003-binlog-client (io.debezium.util.Threads:287)
INFO: Database version: 5.7.42-log (major=5, minor=7, mariadb=false)
INFO: SSL enabled
INFO: Requesting streaming from position filename: dbhost-mysql-bin.000005, position: 154
INFO: Connected to localhost:3306 at dbhost-mysql-bin.000005/154 (sid:12345, cid:7)
[2025-02-23 16:14:22,955] INFO [test-connector-003|task-0] Connected to binlog at localhost:3306, starting at BinlogOffsetContext{sourceInfoSchema=Schema{io.debezium.connector.mysql.Source:STRUCT}, sourceInfo=BinlogSourceInfo{currentGtid='null', currentBinlogFilename='dbhost-mysql-bin.000005', currentBinlogPosition=154, currentRowNumber=0, serverId=0, sourceTime=2025-02-23T21:14:22.818Z, threadId=-1, currentQuery='null', tableIds=[null], databaseName=''}, snapshotCompleted=true, transactionContext=TransactionContext [currentTransactionId=null, perTableEventCount={}, totalEventCount=0], restartGtidSet='null', currentGtidSet='null', restartBinlogFilename='dbhost-mysql-bin.000005', restartBinlogPosition=154, restartRowsToSkip=0, restartEventsToSkip=0, currentEventLengthInBytes=0, inTransaction=false, transactionId='null', incrementalSnapshotContext=IncrementalSnapshotContext [windowOpened=false, chunkEndPosition=null, dataCollectionsToSnapshot=[], lastEventKeySent=null, maximumKey=null]} (io.debezium.connector.binlog.BinlogStreamingChangeEventSource:1232)
[2025-02-23 16:14:22,955] INFO [test-connector-003|task-0] Waiting for keepalive thread to start (io.debezium.connector.binlog.BinlogStreamingChangeEventSource:299)
[2025-02-23 16:14:22,956] INFO [test-connector-003|task-0] Creating thread debezium-mysqlconnector-test-connector-003-binlog-client (io.debezium.util.Threads:287)
[2025-02-23 16:14:23,056] INFO [test-connector-003|task-0] Keepalive thread is running (io.debezium.connector.binlog.BinlogStreamingChangeEventSource:306)
[2025-02-23 16:14:23,354] INFO [test-connector-003|task-0] The task will send records to topic 'test-connector-003' for the first time. Checking whether topic exists (org.apache.kafka.connect.runtime.AbstractWorkerSourceTask:511)
[2025-02-23 16:14:23,376] INFO [test-connector-003|task-0] Creating topic 'test-connector-003' (org.apache.kafka.connect.runtime.AbstractWorkerSourceTask:520)
[2025-02-23 16:14:23,465] INFO [test-connector-003|task-0] Created topic (name=test-connector-003, numPartitions=1, replicationFactor=1, replicasAssignments=null, configs={}) on brokers at localhost:9092 (org.apache.kafka.connect.util.TopicAdmin:416)
[2025-02-23 16:14:23,465] INFO [test-connector-003|task-0] Created topic '(name=test-connector-003, numPartitions=1, replicationFactor=1, replicasAssignments=null, configs={})' using creation group TopicCreationGroup{name='default', inclusionPattern=.*, exclusionPattern=, numPartitions=1, replicationFactor=1, otherConfigs={}} (org.apache.kafka.connect.runtime.AbstractWorkerSourceTask:528)
[2025-02-23 16:14:31,937] INFO [test-connector-003|task-0|offsets] WorkerSourceTask{id=test-connector-003-0} Committing offsets for 1 acknowledged messages (org.apache.kafka.connect.runtime.WorkerSourceTask:236)
[2025-02-23 16:15:40,187] ERROR [test-connector-003|task-0] Encountered change event 'Event{header=EventHeaderV4{timestamp=1740345340000, eventType=TABLE_MAP, serverId=1, headerLength=19, dataLength=83, nextPosition=393, flags=0}, data=TableMapEventData{tableId=129, database='testdb', table='foo_bar', columnTypes=3, 3, 3, 10, -10, -10, -10, 15, 1, 18, 1, 18, 3, 1, 18, 3, 3, 18, 3, -10, 3, 1, 3, 18, 3, 3, 1, 3, 3, 3, columnMetadata=0, 0, 0, 0, 517, 1032, 1032, 4090, 0, 0, 0, 0, 0, 0, 0, 0, 0, 0, 0, 1031, 0, 0, 0, 0, 0, 0, 0, 0, 0, 0, columnNullability={7, 9, 11, 12, 14, 15, 16, 19, 20, 22, 25, 27, 28, 29}, eventMetadata=null}}' at offset {ts_sec=1740345262, file=dbhost-mysql-bin.000005, pos=219, server_id=1, event=1} for table testdb.foo_bar whose schema isn't known to this connector. One possible cause is an incomplete database schema history topic. Take a new snapshot in this case.
[2025-02-23 16:15:40,188] ERROR [test-connector-003|task-0] Error during binlog processing. Last offset stored = {ts_sec=1740345262, file=dbhost-mysql-bin.000005, pos=219, server_id=1, event=1}, binlog reader near position = dbhost-mysql-bin.000005/291 (io.debezium.connector.binlog.BinlogStreamingChangeEventSource:1157)
[2025-02-23 16:15:40,188] ERROR [test-connector-003|task-0] Producer failure (io.debezium.pipeline.ErrorHandler:52)
io.debezium.DebeziumException: Error processing binlog event
 at io.debezium.connector.binlog.BinlogStreamingChangeEventSource.handleEvent(BinlogStreamingChangeEventSource.java:591)
 at io.debezium.connector.binlog.BinlogStreamingChangeEventSource.lambda$execute$17(BinlogStreamingChangeEventSource.java:209)
 at com.github.shyiko.mysql.binlog.BinaryLogClient.notifyEventListeners(BinaryLogClient.java:1281)
 at com.github.shyiko.mysql.binlog.BinaryLogClient.listenForEventPackets(BinaryLogClient.java:1103)
 at com.github.shyiko.mysql.binlog.BinaryLogClient.connect(BinaryLogClient.java:657)
 at com.github.shyiko.mysql.binlog.BinaryLogClient$7.run(BinaryLogClient.java:959)
Caused by: io.debezium.DebeziumException: Encountered change event for table testdb.foo_bar whose schema isn't known to this connector
 at io.debezium.connector.binlog.BinlogStreamingChangeEventSource.informAboutUnknownTableIfRequired(BinlogStreamingChangeEventSource.java:996)
 at io.debezium.connector.binlog.BinlogStreamingChangeEventSource.informAboutUnknownTableIfRequired(BinlogStreamingChangeEventSource.java:1048)
 at io.debezium.connector.binlog.BinlogStreamingChangeEventSource.handleUpdateTableMetadata(BinlogStreamingChangeEventSource.java:797)
 at io.debezium.connector.binlog.BinlogStreamingChangeEventSource.lambda$execute$4(BinlogStreamingChangeEventSource.java:178)
 at io.debezium.connector.binlog.BinlogStreamingChangeEventSource.handleEvent(BinlogStreamingChangeEventSource.java:571)
 ... 6 more
[2025-02-23 16:15:40,190] INFO [test-connector-003|task-0] Error processing binlog event, and propagating to Kafka Connect so it stops this connector. Future binlog events read before connector is shutdown will be ignored. (io.debezium.connector.binlog.BinlogStreamingChangeEventSource:596)
[2025-02-23 16:15:40,624] ERROR [test-connector-003|task-0] WorkerSourceTask{id=test-connector-003-0} Task threw an uncaught and unrecoverable exception. Task is being killed and will not recover until manually restarted (org.apache.kafka.connect.runtime.WorkerTask:234)
org.apache.kafka.connect.errors.ConnectException: An exception occurred in the change event producer. This connector will be stopped.
 at io.debezium.pipeline.ErrorHandler.setProducerThrowable(ErrorHandler.java:67)
 at io.debezium.connector.binlog.BinlogStreamingChangeEventSource.handleEvent(BinlogStreamingChangeEventSource.java:591)
 at io.debezium.connector.binlog.BinlogStreamingChangeEventSource.lambda$execute$17(BinlogStreamingChangeEventSource.java:209)
 at com.github.shyiko.mysql.binlog.BinaryLogClient.notifyEventListeners(BinaryLogClient.java:1281)
 at com.github.shyiko.mysql.binlog.BinaryLogClient.listenForEventPackets(BinaryLogClient.java:1103)
 at com.github.shyiko.mysql.binlog.BinaryLogClient.connect(BinaryLogClient.java:657)
 at com.github.shyiko.mysql.binlog.BinaryLogClient$7.run(BinaryLogClient.java:959)
Caused by: io.debezium.DebeziumException: Error processing binlog event
 ... 7 more
Caused by: io.debezium.DebeziumException: Encountered change event for table testdb.foo_bar whose schema isn't known to this connector
 at io.debezium.connector.binlog.BinlogStreamingChangeEventSource.informAboutUnknownTableIfRequired(BinlogStreamingChangeEventSource.java:996)
 at io.debezium.connector.binlog.BinlogStreamingChangeEventSource.informAboutUnknownTableIfRequired(BinlogStreamingChangeEventSource.java:1048)
 at io.debezium.connector.binlog.BinlogStreamingChangeEventSource.handleUpdateTableMetadata(BinlogStreamingChangeEventSource.java:797)
 at io.debezium.connector.binlog.BinlogStreamingChangeEventSource.lambda$execute$4(BinlogStreamingChangeEventSource.java:178)
 at io.debezium.connector.binlog.BinlogStreamingChangeEventSource.handleEvent(BinlogStreamingChangeEventSource.java:571)
 ... 6 more
[2025-02-23 16:15:40,625] INFO [test-connector-003|task-0] Stopping down connector (io.debezium.connector.common.BaseSourceTask:434)
INFO: threadExecutor is shut down, terminating keepalive thread
[2025-02-23 16:15:40,695] INFO [test-connector-003|task-0] Finished streaming (io.debezium.pipeline.ChangeEventSourceCoordinator:325)
[2025-02-23 16:15:40,696] INFO [test-connector-003|task-0] Stopped reading binlog after 13 events, last recorded offset: {ts_sec=1740345262, file=dbhost-mysql-bin.000005, pos=219, server_id=1, event=8} (io.debezium.connector.binlog.BinlogStreamingChangeEventSource:1218)
[2025-02-23 16:15:40,696] INFO [test-connector-003|task-0] SignalProcessor stopped (io.debezium.pipeline.signal.SignalProcessor:127)
[2025-02-23 16:15:40,697] INFO [test-connector-003|task-0] Debezium ServiceRegistry stopped. (io.debezium.service.DefaultServiceRegistry:105)
[2025-02-23 16:15:40,698] INFO [test-connector-003|task-0] Connection gracefully closed (io.debezium.jdbc.JdbcConnection:983)
[2025-02-23 16:15:40,698] INFO [test-connector-003|task-0] Connection gracefully closed (io.debezium.jdbc.JdbcConnection:983)
[2025-02-23 16:15:40,699] INFO [test-connector-003|task-0] [Producer clientId=test-connector-003-schemahistory] Closing the Kafka producer with timeoutMillis = 30000 ms. (org.apache.kafka.clients.producer.KafkaProducer:1382)
[2025-02-23 16:15:40,702] INFO [test-connector-003|task-0] Metrics scheduler closed (org.apache.kafka.common.metrics.Metrics:685)
[2025-02-23 16:15:40,702] INFO [test-connector-003|task-0] Closing reporter org.apache.kafka.common.metrics.JmxReporter (org.apache.kafka.common.metrics.Metrics:689)
[2025-02-23 16:15:40,702] INFO [test-connector-003|task-0] Closing reporter org.apache.kafka.common.telemetry.internals.ClientTelemetryReporter (org.apache.kafka.common.metrics.Metrics:689)
[2025-02-23 16:15:40,703] INFO [test-connector-003|task-0] Metrics reporters closed (org.apache.kafka.common.metrics.Metrics:695)
[2025-02-23 16:15:40,703] INFO [test-connector-003|task-0] App info kafka.producer for test-connector-003-schemahistory unregistered (org.apache.kafka.common.utils.AppInfoParser:89)
[2025-02-23 16:15:40,703] INFO [test-connector-003|task-0] [Producer clientId=connector-producer-test-connector-003-0] Closing the Kafka producer with timeoutMillis = 30000 ms. (org.apache.kafka.clients.producer.KafkaProducer:1382)
[2025-02-23 16:15:40,707] INFO [test-connector-003|task-0] Metrics scheduler closed (org.apache.kafka.common.metrics.Metrics:685)
[2025-02-23 16:15:40,707] INFO [test-connector-003|task-0] Closing reporter org.apache.kafka.common.metrics.JmxReporter (org.apache.kafka.common.metrics.Metrics:689)
[2025-02-23 16:15:40,707] INFO [test-connector-003|task-0] Closing reporter org.apache.kafka.common.telemetry.internals.ClientTelemetryReporter (org.apache.kafka.common.metrics.Metrics:689)
[2025-02-23 16:15:40,707] INFO [test-connector-003|task-0] Metrics reporters closed (org.apache.kafka.common.metrics.Metrics:695)
[2025-02-23 16:15:40,707] INFO [test-connector-003|task-0] App info kafka.producer for connector-producer-test-connector-003-0 unregistered (org.apache.kafka.common.utils.AppInfoParser:89)
[2025-02-23 16:15:40,708] INFO [test-connector-003|task-0] App info kafka.admin.client for connector-adminclient-test-connector-003-0 unregistered (org.apache.kafka.common.utils.AppInfoParser:89)
[2025-02-23 16:15:40,709] INFO [test-connector-003|task-0] Metrics scheduler closed (org.apache.kafka.common.metrics.Metrics:685)
[2025-02-23 16:15:40,709] INFO [test-connector-003|task-0] Closing reporter org.apache.kafka.common.metrics.JmxReporter (org.apache.kafka.common.metrics.Metrics:689)
[2025-02-23 16:15:40,709] INFO [test-connector-003|task-0] Metrics reporters closed (org.apache.kafka.common.metrics.Metrics:695)
